Copyright 1986-2022 Xilinx, Inc. All Rights Reserved. Copyright 2022-2026 Advanced Micro Devices, Inc. All Rights Reserved.
---------------------------------------------------------------------------------------------------------------------------------------------
| Tool Version : Vivado v.2026.1 (win64) Build 6511674 Tue Jun 16 11:02:23 MDT 2026
| Date         : Tue Sep 15 18:43:48 2026
| Host         : HARSHITHKUMAR running 64-bit major release  (build 9200)
| Command      : report_timing_summary -file C:/VLSI_Project/vivado/reports/timing_summary.rpt
| Design       : streaming_conv_top
| Device       : 7a35t-cpg236
| Speed File   : -1  PRODUCTION 1.23 2018-06-13
| Design State : Routed
---------------------------------------------------------------------------------------------------------------------------------------------

Timing Summary Report

------------------------------------------------------------------------------------------------
| Timer Settings
| --------------
------------------------------------------------------------------------------------------------

  Enable Multi Corner Analysis               :  Yes
  Enable Pessimism Removal                   :  Yes
  Pessimism Removal Resolution               :  Nearest Common Node
  Enable Input Delay Default Clock           :  No
  Enable Preset / Clear Arcs                 :  No
  Disable Flight Delays                      :  No
  Ignore I/O Paths                           :  No
  Timing Early Launch at Borrowing Latches   :  No
  Borrow Time for Max Delay Exceptions       :  Yes
  Merge Timing Exceptions                    :  Yes
  Inter-SLR Compensation                     :  Conservative

  Corner  Analyze    Analyze    
  Name    Max Paths  Min Paths  
  ------  ---------  ---------  
  Slow    Yes        Yes        
  Fast    Yes        Yes        


------------------------------------------------------------------------------------------------
| Report Methodology
| ------------------
------------------------------------------------------------------------------------------------

No report available as report_methodology has not been run prior. Run report_methodology on the current design for the summary of methodology violations.



check_timing report

Table of Contents
-----------------
1. checking no_clock (0)
2. checking constant_clock (0)
3. checking pulse_width_clock (0)
4. checking unconstrained_internal_endpoints (0)
5. checking no_input_delay (1)
6. checking no_output_delay (0)
7. checking multiple_clock (0)
8. checking generated_clocks (0)
9. checking loops (0)
10. checking partial_input_delay (0)
11. checking partial_output_delay (0)
12. checking latch_loops (0)

1. checking no_clock (0)
------------------------
 There are 0 register/latch pins with no clock.


2. checking constant_clock (0)
------------------------------
 There are 0 register/latch pins with constant_clock.


3. checking pulse_width_clock (0)
---------------------------------
 There are 0 register/latch pins which need pulse_width check


4. checking unconstrained_internal_endpoints (0)
------------------------------------------------
 There are 0 pins that are not constrained for maximum delay.

 There are 0 pins that are not constrained for maximum delay due to constant clock.


5. checking no_input_delay (1)
------------------------------
 There is 1 input port with no input delay specified. (HIGH)

 There are 0 input ports with no input delay but user has a false path constraint.


6. checking no_output_delay (0)
-------------------------------
 There are 0 ports with no output delay specified.

 There are 0 ports with no output delay but user has a false path constraint

 There are 0 ports with no output delay but with a timing clock defined on it or propagating through it


7. checking multiple_clock (0)
------------------------------
 There are 0 register/latch pins with multiple clocks.


8. checking generated_clocks (0)
--------------------------------
 There are 0 generated clocks that are not connected to a clock source.


9. checking loops (0)
---------------------
 There are 0 combinational loops in the design.


10. checking partial_input_delay (0)
------------------------------------
 There are 0 input ports with partial input delay specified.


11. checking partial_output_delay (0)
-------------------------------------
 There are 0 ports with partial output delay specified.


12. checking latch_loops (0)
----------------------------
 There are 0 combinational latch loops in the design through latch input



------------------------------------------------------------------------------------------------
| Design Timing Summary
| ---------------------
------------------------------------------------------------------------------------------------

    WNS(ns)      TNS(ns)  TNS Failing Endpoints  TNS Total Endpoints      WHS(ns)      THS(ns)  THS Failing Endpoints  THS Total Endpoints     WPWS(ns)     TPWS(ns)  TPWS Failing Endpoints  TPWS Total Endpoints  
    -------      -------  ---------------------  -------------------      -------      -------  ---------------------  -------------------     --------     --------  ----------------------  --------------------  
      5.781        0.000                      0                 2403        0.058        0.000                      0                 2403        9.020        0.000                       0                  1258  


All user specified timing constraints are met.


------------------------------------------------------------------------------------------------
| Clock Summary
| -------------
------------------------------------------------------------------------------------------------

Clock  Waveform(ns)       Period(ns)      Frequency(MHz)
-----  ------------       ----------      --------------
clk    {0.000 10.000}     20.000          50.000          


------------------------------------------------------------------------------------------------
| Intra Clock Table
| -----------------
------------------------------------------------------------------------------------------------

Clock             WNS(ns)      TNS(ns)  TNS Failing Endpoints  TNS Total Endpoints      WHS(ns)      THS(ns)  THS Failing Endpoints  THS Total Endpoints     WPWS(ns)     TPWS(ns)  TPWS Failing Endpoints  TPWS Total Endpoints  
-----             -------      -------  ---------------------  -------------------      -------      -------  ---------------------  -------------------     --------     --------  ----------------------  --------------------  
clk                 5.781        0.000                      0                 2403        0.058        0.000                      0                 2403        9.020        0.000                       0                  1258  


------------------------------------------------------------------------------------------------
| Inter Clock Table
| -----------------
------------------------------------------------------------------------------------------------

From Clock    To Clock          WNS(ns)      TNS(ns)  TNS Failing Endpoints  TNS Total Endpoints      WHS(ns)      THS(ns)  THS Failing Endpoints  THS Total Endpoints  
----------    --------          -------      -------  ---------------------  -------------------      -------      -------  ---------------------  -------------------  


------------------------------------------------------------------------------------------------
| Other Path Groups Table
| -----------------------
------------------------------------------------------------------------------------------------

Path Group    From Clock    To Clock          WNS(ns)      TNS(ns)  TNS Failing Endpoints  TNS Total Endpoints      WHS(ns)      THS(ns)  THS Failing Endpoints  THS Total Endpoints  
----------    ----------    --------          -------      -------  ---------------------  -------------------      -------      -------  ---------------------  -------------------  


------------------------------------------------------------------------------------------------
| Timing Details
| --------------
------------------------------------------------------------------------------------------------


---------------------------------------------------------------------------------------------------
From Clock:  clk
  To Clock:  clk

Setup :            0  Failing Endpoints,  Worst Slack        5.781ns,  Total Violation        0.000ns
Hold  :            0  Failing Endpoints,  Worst Slack        0.058ns,  Total Violation        0.000ns
PW    :            0  Failing Endpoints,  Worst Slack        9.020ns,  Total Violation        0.000ns
---------------------------------------------------------------------------------------------------


Max Delay Paths
--------------------------------------------------------------------------------------
Slack (MET) :             5.781ns  (required time - arrival time)
  Source:                 u_convolution_3x3/sum_all_reg[10]/C
                            (rising edge-triggered cell FDCE clocked by clk  {rise@0.000ns fall@10.000ns period=20.000ns})
  Destination:            pixel_out[7]
                            (output port clocked by clk  {rise@0.000ns fall@10.000ns period=20.000ns})
  Path Group:             clk
  Path Type:              Max at Slow Process Corner
  Requirement:            20.000ns  (clk rise@20.000ns - clk rise@0.000ns)
  Data Path Delay:        7.543ns  (logic 4.232ns (56.109%)  route 3.311ns (43.891%))
  Logic Levels:           4  (CARRY4=1 LUT2=2 OBUF=1)
  Output Delay:           2.000ns
  Clock Path Skew:        -4.641ns (DCD - SCD + CPR)
    Destination Clock Delay (DCD):    0.000ns = ( 20.000 - 20.000 ) 
    Source Clock Delay      (SCD):    4.641ns
    Clock Pessimism Removal (CPR):    0.000ns
  Clock Uncertainty:      0.035ns  ((TSJ^2 + TIJ^2)^1/2 + DJ) / 2 + PE
    Total System Jitter     (TSJ):    0.071ns
    Total Input Jitter      (TIJ):    0.000ns
    Discrete Jitter          (DJ):    0.000ns
    Phase Error              (PE):    0.000ns

    Location             Delay type                Incr(ns)  Path(ns)    Netlist Resource(s)
  -------------------------------------------------------------------    -------------------
                         (clock clk rise edge)        0.000     0.000 r  <hidden>
    M18                                               0.000     0.000 r  clk
                         net (fo=0)                   0.000     0.000    clk
    M18                  IBUF (Prop_ibuf_I_O)         0.938     0.938 r  clk_IBUF_inst/O
                         net (fo=1, routed)           1.972     2.910    clk_IBUF
    BUFGCTRL_X0Y0        BUFG (Prop_bufg_I_O)         0.096     3.006 r  clk_IBUF_BUFG_inst/O
                         net (fo=1257, routed)        1.635     4.641    u_convolution_3x3/clk_IBUF_BUFG
    SLICE_X1Y11          FDCE                                         r  u_convolution_3x3/sum_all_reg[10]/C
  -------------------------------------------------------------------    -------------------
    SLICE_X1Y11          FDCE (Prop_fdce_C_Q)         0.456     5.097 f  u_convolution_3x3/sum_all_reg[10]/Q
                         net (fo=2, routed)           0.771     5.868    u_convolution_3x3/sum_all[10]
    SLICE_X3Y10          LUT2 (Prop_lut2_I0_O)        0.124     5.992 r  u_convolution_3x3/pixel_out_OBUF[7]_inst_i_5/O
                         net (fo=1, routed)           0.000     5.992    u_convolution_3x3/pixel_out_OBUF[7]_inst_i_5_n_0
    SLICE_X3Y10          CARRY4 (Prop_carry4_S[1]_CO[1])
                                                      0.491     6.483 r  u_convolution_3x3/pixel_out_OBUF[7]_inst_i_2/CO[1]
                         net (fo=8, routed)           0.809     7.292    u_convolution_3x3/saturated_out1
    SLICE_X0Y12          LUT2 (Prop_lut2_I0_O)        0.354     7.646 r  u_convolution_3x3/pixel_out_OBUF[7]_inst_i_1/O
                         net (fo=1, routed)           1.730     9.376    pixel_out_OBUF[7]
    W19                  OBUF (Prop_obuf_I_O)         2.807    12.183 r  pixel_out_OBUF[7]_inst/O
                         net (fo=0)                   0.000    12.183    pixel_out[7]
    W19                                                               r  pixel_out[7]
  -------------------------------------------------------------------    -------------------

                         (clock clk rise edge)       20.000    20.000 r  <hidden>
                         clock pessimism              0.000    20.000    <hidden>
                         clock uncertainty           -0.035    19.965    <hidden>
                         output delay                -2.000    17.965    <hidden>
  -------------------------------------------------------------------
                         required time                         17.965    <hidden>
                         arrival time                         -12.183    <hidden>
  -------------------------------------------------------------------
                         slack                                  5.781    <hidden>





Min Delay Paths
--------------------------------------------------------------------------------------
Slack (MET) :             0.058ns  (arrival time - required time)
  Source:                 u_line_buffer_0/shift_reg_reg[637][1]/C
                            (rising edge-triggered cell FDCE clocked by clk  {rise@0.000ns fall@10.000ns period=20.000ns})
  Destination:            u_line_buffer_0/shift_reg_reg[605][1]_srl32_u_line_buffer_0_shift_reg_reg_c_30/D
                            (rising edge-triggered cell SRLC32E clocked by clk  {rise@0.000ns fall@10.000ns period=20.000ns})
  Path Group:             clk
  Path Type:              Hold (Min at Fast Process Corner)
  Requirement:            0.000ns  (clk rise@0.000ns - clk rise@0.000ns)
  Data Path Delay:        0.258ns  (logic 0.141ns (54.711%)  route 0.117ns (45.289%))
  Logic Levels:           0  
  Clock Path Skew:        0.017ns (DCD - SCD - CPR)
    Destination Clock Delay (DCD):    1.938ns
    Source Clock Delay      (SCD):    1.420ns
    Clock Pessimism Removal (CPR):    0.501ns

    Location             Delay type                Incr(ns)  Path(ns)    Netlist Resource(s)
  -------------------------------------------------------------------    -------------------
                         (clock clk rise edge)        0.000     0.000 r  <hidden>
    M18                                               0.000     0.000 r  clk
                         net (fo=0)                   0.000     0.000    clk
    M18                  IBUF (Prop_ibuf_I_O)         0.167     0.167 r  clk_IBUF_inst/O
                         net (fo=1, routed)           0.634     0.801    clk_IBUF
    BUFGCTRL_X0Y0        BUFG (Prop_bufg_I_O)         0.026     0.827 r  clk_IBUF_BUFG_inst/O
                         net (fo=1257, routed)        0.593     1.420    u_line_buffer_0/clk_IBUF_BUFG
    SLICE_X4Y3           FDCE                                         r  u_line_buffer_0/shift_reg_reg[637][1]/C
  -------------------------------------------------------------------    -------------------
    SLICE_X4Y3           FDCE (Prop_fdce_C_Q)         0.141     1.561 r  u_line_buffer_0/shift_reg_reg[637][1]/Q
                         net (fo=2, routed)           0.117     1.678    u_line_buffer_0/Q[1]
    SLICE_X6Y2           SRLC32E                                      r  u_line_buffer_0/shift_reg_reg[605][1]_srl32_u_line_buffer_0_shift_reg_reg_c_30/D
  -------------------------------------------------------------------    -------------------

                         (clock clk rise edge)        0.000     0.000 r  <hidden>
    M18                                               0.000     0.000 r  clk
                         net (fo=0)                   0.000     0.000    clk
    M18                  IBUF (Prop_ibuf_I_O)         0.356     0.356 r  clk_IBUF_inst/O
                         net (fo=1, routed)           0.689     1.044    clk_IBUF
    BUFGCTRL_X0Y0        BUFG (Prop_bufg_I_O)         0.029     1.073 r  clk_IBUF_BUFG_inst/O
                         net (fo=1257, routed)        0.865     1.938    u_line_buffer_0/clk_IBUF_BUFG
    SLICE_X6Y2           SRLC32E                                      r  u_line_buffer_0/shift_reg_reg[605][1]_srl32_u_line_buffer_0_shift_reg_reg_c_30/CLK
                         clock pessimism             -0.501     1.437    <hidden>
    SLICE_X6Y2           SRLC32E (Hold_srlc32e_CLK_D)
                                                      0.183     1.620    u_line_buffer_0/shift_reg_reg[605][1]_srl32_u_line_buffer_0_shift_reg_reg_c_30
  -------------------------------------------------------------------
                         required time                         -1.620    <hidden>
                         arrival time                           1.678    <hidden>
  -------------------------------------------------------------------
                         slack                                  0.058    <hidden>





Pulse Width Checks
--------------------------------------------------------------------------------------
Clock Name:         clk
Waveform(ns):       { 0.000 10.000 }
Period(ns):         20.000
Sources:            { clk }

Check Type        Corner  Lib Pin      Reference Pin  Required(ns)  Actual(ns)  Slack(ns)  Location       Pin
Min Period        n/a     BUFG/I       n/a            2.155         20.000      17.845     BUFGCTRL_X0Y0  clk_IBUF_BUFG_inst/I
Low Pulse Width   Slow    SRLC32E/CLK  n/a            0.980         10.000      9.020      SLICE_X14Y0    u_line_buffer_0/shift_reg_reg[125][0]_srl32_u_line_buffer_0_shift_reg_reg_c_510/CLK
High Pulse Width  Slow    SRLC32E/CLK  n/a            0.980         10.000      9.020      SLICE_X14Y0    u_line_buffer_0/shift_reg_reg[125][0]_srl32_u_line_buffer_0_shift_reg_reg_c_510/CLK



